{
  "version": "1.5.0",
  "plugins_used": [
    {
      "name": "AWSKeyDetector"
    },
    {
      "name": "AzureStorageKeyDetector"
    },
    {
      "name": "BasicAuthDetector"
    },
    {
      "name": "CloudantDetector"
    },
    {
      "name": "GitHubTokenDetector"
    },
    {
      "name": "HexHighEntropyString",
      "limit": 3.0
    },
    {
      "name": "IbmCloudIamDetector"
    },
    {
      "name": "JwtTokenDetector"
    },
    {
      "name": "KeywordDetector",
      "keyword_exclude": ""
    },
    {
      "name": "MailchimpDetector"
    },
    {
      "name": "PrivateKeyDetector"
    },
    {
      "name": "SendGridDetector"
    },
    {
      "name": "SlackDetector"
    },
    {
      "name": "SoftlayerDetector"
    },
    {
      "name": "SquareOAuthDetector"
    },
    {
      "name": "StripeDetector"
    },
    {
      "name": "TwilioKeyDetector"
    }
  ],
  "filters_used": [
    {
      "path": "detect_secrets.filters.allowlist.is_filtered_out_globally"
    },
    {
      "path": "detect_secrets.filters.common.is_baseline_file",
      "filename": ".secrets.baseline"
    },
    {
      "path": "detect_secrets.filters.common.is_ignored_due_to_verification_policies",
      "min_level": 2
    },
    {
      "path": "detect_secrets.filters.heuristic.is_potential_uuid"
    },
    {
      "path": "detect_secrets.filters.heuristic.is_prefixed_with_dollar_sign"
    },
    {
      "path": "detect_secrets.filters.heuristic.is_templated_secret"
    },
    {
      "path": "detect_secrets.filters.regex.should_exclude_file",
      "pattern": [
        "^(\\.claude|\\.agents|\\.codex|\\.kiro|\\.deployment-catalog)/"
      ]
    }
  ],
  "results": {
    ".env.example": [
      {
        "type": "Basic Auth Credentials",
        "filename": ".env.example",
        "hashed_secret": "4f4944a7117fd2e95169da2b40af33b68a65a161",
        "is_verified": false,
        "line_number": 156
      }
    ],
    ".github/workflows/200-build-images.yml": [
      {
        "type": "Basic Auth Credentials",
        "filename": ".github/workflows/200-build-images.yml",
        "hashed_secret": "a94a8fe5ccb19ba61c4c0873d391e987982fbbd3",
        "is_verified": false,
        "line_number": 240
      }
    ],
    "TODO.md": [
      {
        "type": "Secret Keyword",
        "filename": "TODO.md",
        "hashed_secret": "f7fc3c5d8d56454ea020dd9c14465e7c788f2018",
        "is_verified": false,
        "line_number": 1069
      }
    ],
    "apps/cna-web/.env.example": [
      {
        "type": "Basic Auth Credentials",
        "filename": "apps/cna-web/.env.example",
        "hashed_secret": "4f4944a7117fd2e95169da2b40af33b68a65a161",
        "is_verified": false,
        "line_number": 8
      },
      {
        "type": "Secret Keyword",
        "filename": "apps/cna-web/.env.example",
        "hashed_secret": "3b39937724c1584572630644390e1e45bcf7a0b5",
        "is_verified": false,
        "line_number": 13
      },
      {
        "type": "Secret Keyword",
        "filename": "apps/cna-web/.env.example",
        "hashed_secret": "2d5978d21d2072d7922a49935dcb363378eab0bc",
        "is_verified": false,
        "line_number": 20
      }
    ],
    "apps/cna-web/app/api/local-admin/route.ts": [
      {
        "type": "Secret Keyword",
        "filename": "apps/cna-web/app/api/local-admin/route.ts",
        "hashed_secret": "ecb252044b5ea0f679ee78ec1a12904739e2904d",
        "is_verified": false,
        "line_number": 40
      }
    ],
    "tests/unit/test_api_errors_properties.py": [
      {
        "type": "Basic Auth Credentials",
        "filename": "tests/unit/test_api_errors_properties.py",
        "hashed_secret": "25ab86bed149ca6ca9c1c0d5db7c9a91388ddeab",
        "is_verified": false,
        "line_number": 91,
        "is_secret": false
      },
      {
        "type": "AWS Access Key",
        "filename": "tests/unit/test_api_errors_properties.py",
        "hashed_secret": "25910f981e85ca04baf359199dd0bd4a3ae738b6",
        "is_verified": false,
        "line_number": 95,
        "is_secret": false
      }
    ],
    "tests/unit/test_auth.py": [
      {
        "type": "Secret Keyword",
        "filename": "tests/unit/test_auth.py",
        "hashed_secret": "4ea8d2335b430796cf3f500368c5b0f5b1dc90f5",
        "is_verified": false,
        "line_number": 64
      },
      {
        "type": "Secret Keyword",
        "filename": "tests/unit/test_auth.py",
        "hashed_secret": "a0f1490a20d0211c997b44bc357e1972deab8ae3",
        "is_verified": false,
        "line_number": 76
      },
      {
        "type": "Secret Keyword",
        "filename": "tests/unit/test_auth.py",
        "hashed_secret": "5c5a15a8b0b3e154d77746945e563ba40100681b",
        "is_verified": false,
        "line_number": 87
      }
    ],
    "tests/unit/test_aws_discovery.py": [
      {
        "type": "Secret Keyword",
        "filename": "tests/unit/test_aws_discovery.py",
        "hashed_secret": "1ad64b3acd141bf6a4bce4da286562992ffd09ff",
        "is_verified": false,
        "line_number": 585
      },
      {
        "type": "Secret Keyword",
        "filename": "tests/unit/test_aws_discovery.py",
        "hashed_secret": "e9d71f5ee7c92d6dc9e92ffdad17b8bd49418f98",
        "is_verified": false,
        "line_number": 611
      },
      {
        "type": "Secret Keyword",
        "filename": "tests/unit/test_aws_discovery.py",
        "hashed_secret": "5b38dd26a18add8844a311c6079fafb581aea458",
        "is_verified": false,
        "line_number": 1391
      }
    ],
    "tests/unit/test_azure_discovery.py": [
      {
        "type": "Secret Keyword",
        "filename": "tests/unit/test_azure_discovery.py",
        "hashed_secret": "5b38dd26a18add8844a311c6079fafb581aea458",
        "is_verified": false,
        "line_number": 466
      }
    ],
    "tests/unit/test_cna_api_error_paths.py": [
      {
        "type": "Secret Keyword",
        "filename": "tests/unit/test_cna_api_error_paths.py",
        "hashed_secret": "864d8b20d0a1abcac8d8b28015839e2add16c9fe",
        "is_verified": false,
        "line_number": 252,
        "is_secret": false
      },
      {
        "type": "Secret Keyword",
        "filename": "tests/unit/test_cna_api_error_paths.py",
        "hashed_secret": "a0f1490a20d0211c997b44bc357e1972deab8ae3",
        "is_verified": false,
        "line_number": 306,
        "is_secret": false
      }
    ],
    "tests/unit/test_review_area_cicd_shapin.py": [
      {
        "type": "Hex High Entropy String",
        "filename": "tests/unit/test_review_area_cicd_shapin.py",
        "hashed_secret": "3f0fd426ab2517b49200c979a1a6f347a8b906d4",
        "is_verified": false,
        "line_number": 24,
        "is_secret": false
      }
    ],
    "tests/unit/test_review_sha_pin_properties.py": [
      {
        "type": "Hex High Entropy String",
        "filename": "tests/unit/test_review_sha_pin_properties.py",
        "hashed_secret": "5b3e420b44e4ba7cb72b4c4f981873d29240b777",
        "is_verified": false,
        "line_number": 47,
        "is_secret": false
      },
      {
        "type": "Hex High Entropy String",
        "filename": "tests/unit/test_review_sha_pin_properties.py",
        "hashed_secret": "fe5567e8d769550852182cdf69d74bb16dff8e29",
        "is_verified": false,
        "line_number": 52,
        "is_secret": false
      }
    ]
  },
  "generated_at": "2026-09-18T21:43:10Z"
}
